// Jest Snapshot v1, https://goo.gl/fbAQLP

exports[`EditImage should render correctly 1`] = `
<div>
  <div
    className="m-flex m-flex-col edit-image-box"
  >
    <Navbar
      leftTxt="cancel"
      rightBtnClick={[Function]}
      rightTxt="done"
      title="editPhoto"
    />
    <div
      className="m-flex-1 m-flex image-container"
      id="image-container"
      style={
        Object {
          "height": "0",
        }
      }
    />
    <div
      className="icon-box"
    >
      <img
        alt=""
        className="icon"
        onClick={[Function]}
        src="tailor.png"
      />
      <img
        alt=""
        className="icon"
        onClick={[Function]}
        src="text.png"
      />
    </div>
  </div>
</div>
`;
