// Jest Snapshot v1, https://goo.gl/fbAQLP

exports[`BlackList should render correctly 1`] = `
<div>
  <Navbar
    title="blackListPageTitle"
  />
  <ForwardRef(PullList)
    data={Array []}
    load={[Function]}
    renderView={[Function]}
  />
</div>
`;
