// Jest Snapshot v1, https://goo.gl/fbAQLP

exports[`Forward should render correctly 1`] = `
<div>
  <NavBar
    left={
      <span
        className="m-font16"
        onClick={[Function]}
      >
        cancel
      </span>
    }
    prefixCls="za-nav-bar"
    right={
      <div
        style={
          Object {
            "width": "61px",
          }
        }
      >
        <Button
          block={true}
          disabled={false}
          ghost={false}
          htmlType="button"
          loading={false}
          onClick={[Function]}
          prefixCls="za-button"
          shadow={false}
          shape="round"
          size="xs"
          theme="primary"
        >
          send
        </Button>
      </div>
    }
  />
  <div
    className="m-layout m-bg-f8f8f8"
  >
    <div
      className="m-padding15"
    >
      <Input
        className="m-font17"
        onChange={[Function]}
        placeholder="placeholder..."
        rows={5}
        type="text"
        value=""
      />
      <div
        className="m-bg-fff m-padding10 m-margin-top10"
      >
        <UserHeader
          btnType="empty"
          item={
            Object {
              "created_at": undefined,
              "from_type": undefined,
            }
          }
          size={30}
        />
        <p
          className="itemContent m-font13 m-padding-tb10"
        />
      </div>
    </div>
  </div>
</div>
`;
