// Jest Snapshot v1, https://goo.gl/fbAQLP

exports[`CreateMisesId should render correctly 1`] = `
<div
  className="m-flex m-flex-col m-layout"
>
  <div
    className="m-flex-1 m-padding15"
    style={
      Object {
        "height": 0,
        "overflowY": "auto",
      }
    }
  >
    <p
      className="m-title"
    >
      aboutId
    </p>
    <p
      className="m-font15 m-margin-top-8"
      key="0"
    >
      This is the introduction. This is the introduction. This is the introduction. This is the introduction. This is the introduction. This is the introduction. 
    </p>
    <p
      className="m-font15 m-margin-top-8"
      key="1"
    >
      This is the introduction. This is the introduction. This is the introduction. This is the introduction. This is the introduction. This is the introduction. 
    </p>
    <p
      className="m-font15 m-margin-top-8"
      key="2"
    >
      This is the introduction. This is the introduction. This is the introduction. This is the introduction. This is the introduction. This is the introduction. 
    </p>
    <p
      className="m-font15 m-margin-top-8"
      key="3"
    >
      This is the introduction. This is the introduction. This is the introduction. This is the introduction. This is the introduction. This is the introduction. 
    </p>
    <p
      className="m-font15 m-margin-top-8"
      key="4"
    >
      This is the introduction. This is the introduction. This is the introduction. This is the introduction. This is the introduction. This is the introduction. 
    </p>
    <p
      className="m-font15 m-margin-top-8"
      key="5"
    >
      This is the introduction. This is the introduction. This is the introduction. This is the introduction. This is the introduction. This is the introduction. 
    </p>
    <p
      className="m-font15 m-margin-top-8"
      key="6"
    >
      This is the introduction. This is the introduction. This is the introduction. This is the introduction. This is the introduction. This is the introduction. 
    </p>
    <p
      className="m-font15 m-margin-top-8"
      key="7"
    >
      This is the introduction. This is the introduction. This is the introduction. This is the introduction. This is the introduction. This is the introduction. 
    </p>
    <p
      className="m-font15 m-margin-top-8"
      key="8"
    >
      This is the introduction. This is the introduction. This is the introduction. This is the introduction. This is the introduction. This is the introduction. 
    </p>
    <p
      className="m-font15 m-margin-top-8"
      key="9"
    >
      This is the introduction. This is the introduction. This is the introduction. This is the introduction. This is the introduction. This is the introduction. 
    </p>
  </div>
  <div
    className="footer m-bg-fff m-text-center"
  >
    <Button
      block={true}
      disabled={false}
      ghost={true}
      htmlType="button"
      loading={false}
      onClick={[Function]}
      prefixCls="za-button"
      shadow={false}
      shape="round"
      size="md"
      theme="primary"
    >
      createId
    </Button>
    <p
      className="m-padding-tb10 m-colors-666 m-font12"
    >
      restoreTips
    </p>
    <p
      className="m-font15 m-colors-5c65f6"
      onClick={[Function]}
    >
      restore
    </p>
  </div>
</div>
`;
