// Jest Snapshot v1, https://goo.gl/fbAQLP

exports[`Post should render correctly 1`] = `
<div>
  <NavBar
    left={
      <Icon
        onClick={[Function]}
        prefixCls="za-icon"
        size="sm"
        theme="default"
        type="arrow-left"
        viewBox="0 0 32 32"
      />
    }
    prefixCls="za-nav-bar"
    title="postPageTitle"
  />
  <div
    className="m-layout m-bg-f8f8f8"
  >
    <div
      className="m-bg-fff"
    >
      <div
        className="m-padding15 m-bg-fff m-line-bottom"
      >
        <UserHeader />
        <p
          className="itemContent m-font15 m-padding-tb15"
        >
          It's a great website, share with you. Wow!!! Come and play with me.
        </p>
        <div
          className="m-bg-f8f8f8 m-padding10"
        >
          <UserHeader
            size={30}
          />
          <p
            className="itemContent m-font13 m-padding-tb10"
          >
            It's a great website, share with you. Wow!!! Come and play with me.
          </p>
          <Link
            theme="white"
          />
        </div>
        <div
          className="m-margin-top12 m-flex itemFunctionBox"
        >
          <div
            className="m-flex"
          >
            <img
              alt="like"
              className="iconStyle"
              src="like.png"
            />
            <span
              className="m-font12 m-margin-left8 m-colors-333"
            >
              235
            </span>
          </div>
          <div
            className="m-flex"
          >
            <img
              alt="comment"
              className="iconStyle"
              src="comment.png"
            />
            <span
              className="m-font12 m-colors-333 m-margin-left8"
            >
              68
            </span>
          </div>
          <div
            className="m-flex"
          >
            <img
              alt="share"
              className="iconStyle"
              src="share.png"
            />
            <span
              className="m-font12 m-colors-333 m-margin-left8"
            >
              34
            </span>
          </div>
        </div>
      </div>
    </div>
    <div
      className="m-margin-top15 m-bg-fff m-padding15"
    >
      <div
        className="m-flex"
      >
        <Image
          size={30}
        />
        <div
          className="comment m-flex-1 m-flex m-padding-lr15"
        >
          <div
            className="m-margin-right5"
          >
            <Image
              shape="square"
              size={16}
              source="write.png"
            />
          </div>
          <Input
            placeholder="Write a comment..."
            type="text"
          />
        </div>
      </div>
      <div
        className="m-flex m-col-top m-padding-top10"
        key="0"
      >
        <Image
          size={30}
        />
        <div
          className="m-margin-left12 m-line-bottom"
        >
          <span
            className="commentNickname"
          >
            Emma
          </span>
          <p
            className="m-font15 m-colors-555  m-padding-bottom10"
          >
            It's a great website, share with you. Wow!!! Come and play with me.
          </p>
        </div>
      </div>
      <div
        className="m-flex m-col-top m-padding-top10"
        key="1"
      >
        <Image
          size={30}
        />
        <div
          className="m-margin-left12 m-line-bottom"
        >
          <span
            className="commentNickname"
          >
            Emma
          </span>
          <p
            className="m-font15 m-colors-555  m-padding-bottom10"
          >
            It's a great website, share with you. Wow!!! Come and play with me.
          </p>
        </div>
      </div>
      <div
        className="m-flex m-col-top m-padding-top10"
        key="2"
      >
        <Image
          size={30}
        />
        <div
          className="m-margin-left12 m-line-bottom"
        >
          <span
            className="commentNickname"
          >
            Emma
          </span>
          <p
            className="m-font15 m-colors-555  m-padding-bottom10"
          >
            It's a great website, share with you. Wow!!! Come and play with me.
          </p>
        </div>
      </div>
      <div
        className="footerBtn"
      >
        <Button
          block={true}
          disabled={false}
          ghost={true}
          htmlType="button"
          loading={false}
          onClick={[Function]}
          prefixCls="za-button"
          shadow={false}
          shape="round"
          size="sm"
          theme="primary"
        >
          <div
            className="m-flex m-row-center"
          >
            lookAtAll
            <Icon
              prefixCls="za-icon"
              size="xs"
              theme="primary"
              type="arrow-right"
              viewBox="0 0 32 32"
            />
          </div>
        </Button>
      </div>
    </div>
  </div>
</div>
`;
