// Jest Snapshot v1, https://goo.gl/fbAQLP

exports[`Myself should render correctly 1`] = `
<div>
  我的
</div>
`;
