// Jest Snapshot v1, https://goo.gl/fbAQLP

exports[`Image should render correctly 1`] = `
<img
  alt="avatar"
  className="border-circle"
  onError={[Function]}
  src="head.png"
  style={
    Object {
      "height": "40px",
      "objectFit": "cover",
      "width": "40px",
    }
  }
/>
`;
